---
source: crates/fsqlite-vdbe/tests/golden_bytecode_snapshots.rs
expression: in_subquery
---
case: subquery_in_predicate
sql: SELECT id, title FROM docs WHERE category_id IN (SELECT id FROM categories WHERE name = 'docs') ORDER BY id
status: ok
registers: 13
bind_parameters: 0
requires_attached_memdb: true
requires_version_store: false

addr  opcode           p1    p2    p3    p4                 p5
----  ---------------  ----  ----  ----  -----------------  --
0     Init             0     52    0                        0 
1     Transaction      0     0     0                        0 
2     SorterOpen       1     1     0     (str)+             0 
3     OpenRead         0     2     0     (tbl)docs          0 
4     Rewind           0     43    0                        0 
5     Once             0     24    0                        0 
6     Integer          0     5     0                        0 
7     Integer          0     6     0                        0 
8     OpenAutoindex    12293  1     0                        0 
9     OpenRead         8197  3     0     (tbl)categories    0 
10    Rewind           8197  23    0                        0 
11    Column           8197  1     7                        0 
12    String8          0     8     0     (str)docs          0 
13    IsNull           8     22    0                        0 
14    Ne               8     22    7                        194
15    Integer          1     6     0                        0 
16    Rowid            8197  7     0                        0 
17    IsNull           7     21    0                        0 
18    MakeRecord       7     1     8                        0 
19    IdxInsert        12293  8     0                        0 
20    Goto             0     22    0                        0 
21    Integer          1     5     0                        0 
22    Next             8197  11    0                        0 
23    Close            8197  0     0                        0 
24    Column           0     1     4                        0 
25    MakeRecord       4     1     7                        0 
26    Found            12293  33    7                        0 
27    If               5     35    0                        0 
28    IsNull           4     30    0                        0 
29    Goto             0     31    0                        0 
30    If               6     35    0                        0 
31    Integer          0     3     0                        0 
32    Goto             0     36    0                        0 
33    Integer          1     3     0                        0 
34    Goto             0     36    0                        0 
35    Null             0     3     0                        0 
36    IfNot            3     42    1                        0 
37    Rowid            0     10    0                        0 
38    Copy             10    9     0                        0 
39    Column           0     2     11                       0 
40    MakeRecord       9     3     12                       0 
41    SorterInsert     1     12    0                        0 
42    Next             0     5     0                        0 
43    Close            0     0     0                        0 
44    SorterSort       1     50    0                        0 
45    SorterData       1     13    0                        0 
46    Column           1     1     1                        0 
47    Column           1     2     2                        0 
48    ResultRow        1     2     0                        0 
49    SorterNext       1     45    0                        0 
50    Close            1     0     0                        0 
51    Halt             0     0     0                        0
